// Vitest Snapshot v1, https://vitest.dev/guide/snapshot.html

exports[`tabs (remark): 'bare continuation keeps block open' 1`] = `"<div class="markdown-tabs" data-tabs-group="dd19bdb6" aria-label="Tabs"><details class="markdown-tabs-item" name="tabs-2ddd41df" data-tab="tab-one" open><summary class="markdown-tabs-label" aria-label="Tab One">Tab One</summary><section class="markdown-tabs-panel" aria-label="Tab One"><p>Line one.</p><p>Line two after blank.</p></section></details><details class="markdown-tabs-item" name="tabs-2ddd41df" data-tab="tab-two"><summary class="markdown-tabs-label" aria-label="Tab Two">Tab Two</summary><section class="markdown-tabs-panel" aria-label="Tab Two"><p>Content for tab two.</p></section></details></div>"`;

exports[`tabs (remark): 'basic two tabs' 1`] = `"<div class="markdown-tabs" data-tabs-group="dd19bdb6" aria-label="Tabs"><details class="markdown-tabs-item" name="tabs-2ddd41df" data-tab="tab-one" open><summary class="markdown-tabs-label" aria-label="Tab One">Tab One</summary><section class="markdown-tabs-panel" aria-label="Tab One"><p>Content for tab one.</p></section></details><details class="markdown-tabs-item" name="tabs-2ddd41df" data-tab="tab-two"><summary class="markdown-tabs-label" aria-label="Tab Two">Tab Two</summary><section class="markdown-tabs-panel" aria-label="Tab Two"><p>Content for tab two.</p></section></details></div>"`;

exports[`tabs (remark): 'blank line between tabs splits into t…' 1`] = `"<div class="markdown-tabs" data-tabs-group="dd19bdb6" aria-label="Tabs"><details class="markdown-tabs-item" name="tabs-2ddd41df" data-tab="tab-one" open><summary class="markdown-tabs-label" aria-label="Tab One">Tab One</summary><section class="markdown-tabs-panel" aria-label="Tab One"><p>Content for tab one.</p></section></details><details class="markdown-tabs-item" name="tabs-2ddd41df" data-tab="tab-two"><summary class="markdown-tabs-label" aria-label="Tab Two">Tab Two</summary><section class="markdown-tabs-panel" aria-label="Tab Two"><p>Content for tab two.</p></section></details></div>"`;

exports[`tabs (remark): 'blockquote terminated by code fence, …' 1`] = `
"<blockquote><p>This blockquote is terminated by the code fence that immediately follows it.</p></blockquote><pre><code class="language-js">const x = 1;
</code></pre><div class="markdown-tabs" data-tabs-group="dd19bdb6" aria-label="Tabs"><details class="markdown-tabs-item" name="tabs-3e078663" data-tab="tab-one" open><summary class="markdown-tabs-label" aria-label="Tab One">Tab One</summary><section class="markdown-tabs-panel" aria-label="Tab One"><p>Content for tab one.</p></section></details><details class="markdown-tabs-item" name="tabs-3e078663" data-tab="tab-two"><summary class="markdown-tabs-label" aria-label="Tab Two">Tab Two</summary><section class="markdown-tabs-panel" aria-label="Tab Two"><p>Content for tab two.</p></section></details></div>"
`;

exports[`tabs (remark): 'depth skip from 1 to 3 terminates gro…' 1`] = `
"<p>% Tab One
%%% Too Deep</p><blockquote><p>Content here.</p></blockquote>"
`;

exports[`tabs (remark): 'depth-2 header with no depth-1 parent' 1`] = `"<p>%% Orphan</p><blockquote><p>Content here.</p></blockquote>"`;

exports[`tabs (remark): 'explicit open on first tab is redunda…' 1`] = `"<div class="markdown-tabs" data-tabs-group="dd19bdb6" aria-label="Tabs"><details class="markdown-tabs-item" name="tabs-2ddd41df" data-tab="tab-one" open><summary class="markdown-tabs-label" aria-label="Tab One">Tab One</summary><section class="markdown-tabs-panel" aria-label="Tab One"><p>Content for tab one.</p></section></details><details class="markdown-tabs-item" name="tabs-2ddd41df" data-tab="tab-two"><summary class="markdown-tabs-label" aria-label="Tab Two">Tab Two</summary><section class="markdown-tabs-panel" aria-label="Tab Two"><p>Content for tab two.</p></section></details></div>"`;

exports[`tabs (remark): 'explicit open tab with %+' 1`] = `"<div class="markdown-tabs" data-tabs-group="a36cbb5f" aria-label="Tabs"><details class="markdown-tabs-item" name="tabs-bbd3e47b" data-tab="tab-one"><summary class="markdown-tabs-label" aria-label="Tab One">Tab One</summary><section class="markdown-tabs-panel" aria-label="Tab One"><p>Content for tab one.</p></section></details><details class="markdown-tabs-item" name="tabs-bbd3e47b" data-tab="tab-two" open><summary class="markdown-tabs-label" aria-label="Tab Two">Tab Two</summary><section class="markdown-tabs-panel" aria-label="Tab Two"><p>Content for tab two.</p></section></details><details class="markdown-tabs-item" name="tabs-bbd3e47b" data-tab="tab-three"><summary class="markdown-tabs-label" aria-label="Tab Three">Tab Three</summary><section class="markdown-tabs-panel" aria-label="Tab Three"><p>Content for tab three.</p></section></details></div>"`;

exports[`tabs (remark): 'multiple explicit open markers' 1`] = `"<div class="markdown-tabs" data-tabs-group="a36cbb5f" aria-label="Tabs"><details class="markdown-tabs-item" name="tabs-bbd3e47b" data-tab="tab-one"><summary class="markdown-tabs-label" aria-label="Tab One">Tab One</summary><section class="markdown-tabs-panel" aria-label="Tab One"><p>Content for tab one.</p></section></details><details class="markdown-tabs-item" name="tabs-bbd3e47b" data-tab="tab-two" open><summary class="markdown-tabs-label" aria-label="Tab Two">Tab Two</summary><section class="markdown-tabs-panel" aria-label="Tab Two"><p>Content for tab two.</p></section></details><details class="markdown-tabs-item" name="tabs-bbd3e47b" data-tab="tab-three"><summary class="markdown-tabs-label" aria-label="Tab Three">Tab Three</summary><section class="markdown-tabs-panel" aria-label="Tab Three"><p>Content for tab three.</p></section></details></div>"`;

exports[`tabs (remark): 'nested tabs depth two' 1`] = `
"<div class="markdown-tabs" data-tabs-group="aa7507fb" aria-label="Tabs"><details class="markdown-tabs-item" name="tabs-8fc3750c" data-tab="nodejs" open><summary class="markdown-tabs-label" aria-label="Node.js">Node.js</summary><section class="markdown-tabs-panel" aria-label="Node.js"><div class="markdown-tabs" data-tabs-group="af273f98" aria-label="Tabs"><details class="markdown-tabs-item" name="tabs-52371c9" data-tab="npm" open><summary class="markdown-tabs-label" aria-label="npm">npm</summary><section class="markdown-tabs-panel" aria-label="npm"><pre><code class="language-sh">npm install
</code></pre></section></details><details class="markdown-tabs-item" name="tabs-52371c9" data-tab="pnpm"><summary class="markdown-tabs-label" aria-label="pnpm">pnpm</summary><section class="markdown-tabs-panel" aria-label="pnpm"><pre><code class="language-sh">pnpm add
</code></pre></section></details></div></section></details><details class="markdown-tabs-item" name="tabs-8fc3750c" data-tab="deno"><summary class="markdown-tabs-label" aria-label="Deno">Deno</summary><section class="markdown-tabs-panel" aria-label="Deno"><pre><code class="language-sh">deno add my-package
</code></pre></section></details></div>"
`;

exports[`tabs (remark): 'no label text' 1`] = `"<p>%</p><blockquote><p>Content here.</p></blockquote>"`;

exports[`tabs (remark): 'orphan blockquote before tabs: blank …' 1`] = `"<blockquote><p>This blockquote is separated by a blank line.</p></blockquote><div class="markdown-tabs" data-tabs-group="dd19bdb6" aria-label="Tabs"><details class="markdown-tabs-item" name="tabs-35f26421" data-tab="tab-one" open><summary class="markdown-tabs-label" aria-label="Tab One">Tab One</summary><section class="markdown-tabs-panel" aria-label="Tab One"><p>Content for tab one.</p></section></details><details class="markdown-tabs-item" name="tabs-35f26421" data-tab="tab-two"><summary class="markdown-tabs-label" aria-label="Tab Two">Tab Two</summary><section class="markdown-tabs-panel" aria-label="Tab Two"><p>Content for tab two.</p></section></details></div>"`;

exports[`tabs (remark): 'orphan blockquote before tabs: no bla…' 1`] = `
"<blockquote><p>This blockquote has no blank line before the tab header below it.
% Tab One
Content for tab one.</p></blockquote>"
`;

exports[`tabs (remark): 'single tab' 1`] = `"<div class="markdown-tabs" data-tabs-group="45a12cb" aria-label="Tabs"><details class="markdown-tabs-item" name="tabs-75c8bfa1" data-tab="only-tab" open><summary class="markdown-tabs-label" aria-label="Only Tab">Only Tab</summary><section class="markdown-tabs-panel" aria-label="Only Tab"><p>Content here.</p></section></details></div>"`;

exports[`tabs (remark): 'tab with code block body' 1`] = `
"<div class="markdown-tabs" data-tabs-group="af273f98" aria-label="Tabs"><details class="markdown-tabs-item" name="tabs-52371c9" data-tab="npm" open><summary class="markdown-tabs-label" aria-label="npm">npm</summary><section class="markdown-tabs-panel" aria-label="npm"><pre><code class="language-sh">npm install
</code></pre></section></details><details class="markdown-tabs-item" name="tabs-52371c9" data-tab="pnpm"><summary class="markdown-tabs-label" aria-label="pnpm">pnpm</summary><section class="markdown-tabs-panel" aria-label="pnpm"><pre><code class="language-sh">pnpm add
</code></pre></section></details></div>"
`;

exports[`tabs (remark): 'tab with empty body' 1`] = `"<div class="markdown-tabs" data-tabs-group="dd19bdb6" aria-label="Tabs"><details class="markdown-tabs-item" name="tabs-2ddd41df" data-tab="tab-one" open><summary class="markdown-tabs-label" aria-label="Tab One">Tab One</summary><section class="markdown-tabs-panel" aria-label="Tab One"></section></details><details class="markdown-tabs-item" name="tabs-2ddd41df" data-tab="tab-two"><summary class="markdown-tabs-label" aria-label="Tab Two">Tab Two</summary><section class="markdown-tabs-panel" aria-label="Tab Two"><p>Content for tab two.</p></section></details></div>"`;

exports[`tabs (remark): 'tab with inline markup in label' 1`] = `"<div class="markdown-tabs" data-tabs-group="9f5d1908" aria-label="Tabs"><details class="markdown-tabs-item" name="tabs-25061dd9" data-tab="bold-label" open><summary class="markdown-tabs-label" aria-label="Bold label"><strong>Bold</strong> label</summary><section class="markdown-tabs-panel" aria-label="Bold label"><p>Content here.</p></section></details><details class="markdown-tabs-item" name="tabs-25061dd9" data-tab="code-label"><summary class="markdown-tabs-label" aria-label="code label"><code>code</code> label</summary><section class="markdown-tabs-panel" aria-label="code label"><p>Content here.</p></section></details></div>"`;

exports[`tabs (remark): 'tab with multi-paragraph body' 1`] = `"<div class="markdown-tabs" data-tabs-group="dd19bdb6" aria-label="Tabs"><details class="markdown-tabs-item" name="tabs-2ddd41df" data-tab="tab-one" open><summary class="markdown-tabs-label" aria-label="Tab One">Tab One</summary><section class="markdown-tabs-panel" aria-label="Tab One"><p>First paragraph.</p><p>Second paragraph.</p></section></details><details class="markdown-tabs-item" name="tabs-2ddd41df" data-tab="tab-two"><summary class="markdown-tabs-label" aria-label="Tab Two">Tab Two</summary><section class="markdown-tabs-panel" aria-label="Tab Two"><p>Only paragraph.</p></section></details></div>"`;

exports[`tabs (remark): 'tab with nested blockquote body' 1`] = `
"<div class="markdown-tabs" data-tabs-group="ce6f7f0b" aria-label="Tabs"><details class="markdown-tabs-item" name="tabs-9d563182" data-tab="tab-one" open><summary class="markdown-tabs-label" aria-label="Tab One">Tab One</summary><section class="markdown-tabs-panel" aria-label="Tab One"><p>First paragraph.</p><blockquote><p>This is a nested blockquote.
% Tab Two
Content for tab two.</p></blockquote></section></details></div>"
`;

exports[`tabs (remark): 'tab with table body' 1`] = `"<div class="markdown-tabs" data-tabs-group="dd19bdb6" aria-label="Tabs"><details class="markdown-tabs-item" name="tabs-2ddd41df" data-tab="tab-one" open><summary class="markdown-tabs-label" aria-label="Tab One">Tab One</summary><section class="markdown-tabs-panel" aria-label="Tab One"><table><thead><tr><th>Col A</th><th>Col B</th></tr></thead><tbody><tr><td>Cell</td><td>Cell</td></tr></tbody></table></section></details><details class="markdown-tabs-item" name="tabs-2ddd41df" data-tab="tab-two"><summary class="markdown-tabs-label" aria-label="Tab Two">Tab Two</summary><section class="markdown-tabs-panel" aria-label="Tab Two"><p>Content for tab two.</p></section></details></div>"`;

exports[`tabs (remark): 'tabs followed by paragraph' 1`] = `"<div class="markdown-tabs" data-tabs-group="dd19bdb6" aria-label="Tabs"><details class="markdown-tabs-item" name="tabs-2ddd41df" data-tab="tab-one" open><summary class="markdown-tabs-label" aria-label="Tab One">Tab One</summary><section class="markdown-tabs-panel" aria-label="Tab One"><p>Content for tab one.</p></section></details><details class="markdown-tabs-item" name="tabs-2ddd41df" data-tab="tab-two"><summary class="markdown-tabs-label" aria-label="Tab Two">Tab Two</summary><section class="markdown-tabs-panel" aria-label="Tab Two"><p>Content for tab two.</p></section></details></div><p>This paragraph is outside the tab group.</p>"`;

exports[`tabs (remark): 'three tabs first open by default' 1`] = `
"<div class="markdown-tabs" data-tabs-group="9a8912df" aria-label="Tabs"><details class="markdown-tabs-item" name="tabs-a8183367" data-tab="npm" open><summary class="markdown-tabs-label" aria-label="npm">npm</summary><section class="markdown-tabs-panel" aria-label="npm"><pre><code class="language-sh">npm install my-package
</code></pre></section></details><details class="markdown-tabs-item" name="tabs-a8183367" data-tab="pnpm"><summary class="markdown-tabs-label" aria-label="pnpm">pnpm</summary><section class="markdown-tabs-panel" aria-label="pnpm"><pre><code class="language-sh">pnpm add my-package
</code></pre></section></details><details class="markdown-tabs-item" name="tabs-a8183367" data-tab="yarn"><summary class="markdown-tabs-label" aria-label="yarn">yarn</summary><section class="markdown-tabs-panel" aria-label="yarn"><pre><code class="language-sh">yarn add my-package
</code></pre></section></details></div>"
`;
